// Jest Snapshot v1, https://goo.gl/fbAQLP

exports[`<TaskForm> it should throw an error if create task fails 1`] = `
<div>
  <form
    data-testid="task-form"
  >
    <label
      for="title"
    >
      Title:
    </label>
    <input
      id="title"
      type="text"
      value="Test task"
    />
    <label
      for="description"
    >
      Description:
    </label>
    <textarea
      cols="50"
      id="description"
      rows="10"
      type="text"
    >
      Test Descript
    </textarea>
    <label
      for="completed"
    >
      completed?
    </label>
    <input
      id="completed"
      type="checkbox"
      value="true"
    />
    <button>
       
      Create
    </button>
  </form>
  <p
    data-testid="task-form-error"
  >
    failure
  </p>
</div>
`;
