// Jest Snapshot v1, https://goo.gl/fbAQLP

exports[`<Dashboard /> it renders 1`] = `
<div>
  <section>
    <h2>
      Task List!
    </h2>
    <form
      action=""
    >
      <label
        for="search"
      >
         Search by title
      </label>
      <input
        id="search"
        name="search"
        type="text"
        value=""
      />
      <label
        for="perPage"
      >
        Number of results
      </label>
      <select
        id="perPage"
        name="perPage"
      >
        <option
          value="5"
        >
          5
        </option>
        <option
          value="10"
        >
          10
        </option>
        <option
          value="15"
        >
          15
        </option>
        <option
          value="20"
        >
          20
        </option>
      </select>
      <label
        for="showCompleted"
      >
        Show tasks:
      </label>
      <select
        id="showCompleted"
        name="showCompleted"
      >
        <option
          value=""
        >
          All
        </option>
        <option
          value="false"
        >
          incomplete
        </option>
        <option
          value="true"
        >
          completed
        </option>
      </select>
      <label
        for="sortBy"
      >
        Sort By:
      </label>
      <select
        id="sortBy"
        name="sortBy"
      >
        <option
          value="-createdAt"
        >
          newest
        </option>
        <option
          value="-completed"
        >
          completed
        </option>
        <option
          value="completed"
        >
          incomplete
        </option>
      </select>
    </form>
    
    <div>
      <ul>
        <li>
          <h3>
            Title: 
            Task 1
          </h3>
          <p>
            Description: 
            Task 1
          </p>
          <label
            for="completed"
          >
            completed?
          </label>
          <input
            id="completed"
            type="checkbox"
            value="false"
          />
          <a
            href="/edit/test-1"
          >
            Edit Task
          </a>
          <button>
            Delete Task
          </button>
        </li>
        <li>
          <h3>
            Title: 
            Task 2
          </h3>
          <p>
            Description: 
            Task 2
          </p>
          <label
            for="completed"
          >
            completed?
          </label>
          <input
            checked=""
            id="completed"
            type="checkbox"
            value="true"
          />
          <a
            href="/edit/test-12"
          >
            Edit Task
          </a>
          <button>
            Delete Task
          </button>
        </li>
      </ul>
    </div>
    <div />
  </section>
</div>
`;
