// Jest Snapshot v1, https://goo.gl/fbAQLP

exports[`<updatePassword /> should display an error from the API or when fields are missing 1`] = `
<div>
  <section
    class="sc-bdVaJa fAwhMM"
  >
    <div
      class="sc-bwzfXH isbPbn"
    >
      <h2
        class="sc-htpNat grApgW"
      >
        Update password
      </h2>
      <form
        action=""
        class="sc-bxivhb jYYiVS"
        data-testid="update-pass-form"
      >
        <label
          class="sc-ifAKCX fuIFlH"
          for="update-password"
        >
          Enter Current Password
        </label>
        <input
          class="sc-EHOje jUaPja"
          id="update-password"
          type="text"
          value=""
        />
        <label
          class="sc-ifAKCX fuIFlH"
          for="update-new-password"
        >
          Enter New Password
        </label>
        <input
          class="sc-EHOje jUaPja"
          id="update-new-password"
          type="text"
          value=""
        />
        <label
          class="sc-ifAKCX fuIFlH"
          for="update-confirm-updated-password"
        >
          Confirm Updated Password
        </label>
        <input
          class="sc-EHOje jUaPja"
          id="update-confirm-updated-password"
          type="text"
          value=""
        />
        <p
          data-testid="update-pass-message"
        >
          error
        </p>
        <button
          class="sc-gzVnrw fJpaBs"
          type="submit"
        >
          Submit
        </button>
      </form>
    </div>
  </section>
</div>
`;
