// Jest Snapshot v1, https://goo.gl/fbAQLP

exports[`<EditTask /> it renders 1`] = `
<div>
  <div>
    <h2>
      Edit Task
    </h2>
    <form>
      <label
        for="title"
      >
        Title:
      </label>
      <input
        id="title"
        type="text"
        value="task 1"
      />
      <label
        for="description"
      >
        Description:
      </label>
      <textarea
        cols="50"
        id="description"
        rows="10"
        type="text"
      >
        task 1
      </textarea>
      <label
        for="completed"
      >
        completed?
      </label>
      <input
        checked=""
        id="completed"
        type="checkbox"
        value="true"
      />
      <button>
         
        Edit
      </button>
    </form>
    
    
  </div>
</div>
`;
